Nothing to build in platform 'cgra_test_design_wrapper'

01:57:26 **** Incremental Build of configuration Debug for project cgra_test ****
make all 
make --no-print-directory pre-build
a9-linaro-pre-build-step
' '
make --no-print-directory main-build
'Building file: ../src/helloworld.c'
'Invoking: ARM v7 gcc compiler'
arm-none-eabi-gcc -Wall -O0 -g3 -c -fmessage-length=0 -MT"src/helloworld.o" -mcpu=cortex-a9 -mfpu=vfpv3 -mfloat-abi=hard -IC:/Users/chess/OneDrive/Documents/Stanford/EE272C/CGRA_IO_TEST/Vitis/cgra_test_design_wrapper/export/cgra_test_design_wrapper/sw/cgra_test_design_wrapper/standalone_ps7_cortexa9_0/bspinclude/include -MMD -MP -MF"src/helloworld.d" -MT"src/helloworld.o" -o "src/helloworld.o" "../src/helloworld.c"
'Finished building: ../src/helloworld.c'
' '
'Building target: cgra_test.elf'
'Invoking: ARM v7 gcc linker'
arm-none-eabi-gcc -mcpu=cortex-a9 -mfpu=vfpv3 -mfloat-abi=hard -Wl,-build-id=none -specs=Xilinx.spec -Wl,-T -Wl,../src/lscript.ld -LC:/Users/chess/OneDrive/Documents/Stanford/EE272C/CGRA_IO_TEST/Vitis/cgra_test_design_wrapper/export/cgra_test_design_wrapper/sw/cgra_test_design_wrapper/standalone_ps7_cortexa9_0/bsplib/lib -o "cgra_test.elf"  ./src/helloworld.o ./src/platform.o ./src/ps7_init.o   -Wl,--start-group,-lxil,-lgcc,-lc,--end-group
'Finished building target: cgra_test.elf'
' '
'Invoking: ARM v7 Print Size'
arm-none-eabi-size cgra_test.elf  |tee "cgra_test.elf.size"
   text	   data	    bss	    dec	    hex	filename
  26548	  11144	  39016	  76708	  12ba4	cgra_test.elf
'Finished building: cgra_test.elf.size'
' '
01:57:27 **** Incremental Build of configuration Hardware for project cgra_test_system ****
make all 
Generating bif file for the system project
generate_system_bif.bat 60571 C:/Users/chess/OneDrive/Documents/Stanford/EE272C/CGRA_IO_TEST/Vitis/cgra_test_design_wrapper/export/cgra_test_design_wrapper/cgra_test_design_wrapper.xpfm standalone_ps7_cortexa9_0 C:/Users/chess/OneDrive/Documents/Stanford/EE272C/CGRA_IO_TEST/Vitis/cgra_test_system/Hardware/system.bif
sdcard_gen --xpfm C:/Users/chess/OneDrive/Documents/Stanford/EE272C/CGRA_IO_TEST/Vitis/cgra_test_design_wrapper/export/cgra_test_design_wrapper/cgra_test_design_wrapper.xpfm --sys_config cgra_test_design_wrapper --bif C:/Users/chess/OneDrive/Documents/Stanford/EE272C/CGRA_IO_TEST/Vitis/cgra_test_system/Hardware/system.bif --bitstream C:/Users/chess/OneDrive/Documents/Stanford/EE272C/CGRA_IO_TEST/Vitis/cgra_test/_ide/bitstream/cgra_test_design_wrapper.bit --elf C:/Users/chess/OneDrive/Documents/Stanford/EE272C/CGRA_IO_TEST/Vitis/cgra_test/Debug/cgra_test.elf,ps7_cortexa9_0
creating BOOT.BIN using C:/Users/chess/OneDrive/Documents/Stanford/EE272C/CGRA_IO_TEST/Vitis/cgra_test/_ide/bitstream/cgra_test_design_wrapper.bit
Running D:/Xilinx/Vitis/2021.2/bin/bootgen  -image C:/Users/chess/OneDrive/Documents/Stanford/EE272C/CGRA_IO_TEST/Vitis/cgra_test_system/Hardware/sd_card_temp/boot.bif -w -o i BOOT.BIN
